#-----------------------------------------------------------
# Vivado v2025.1 (64-bit)
# SW Build 6140274 on Thu May 22 00:12:29 MDT 2025
# IP Build 6138677 on Thu May 22 03:10:11 MDT 2025
# SharedData Build 6139179 on Tue May 20 17:58:58 MDT 2025
# Start of session at: Wed Oct 15 15:40:41 2025
# Process ID         : 12060
# Current directory  : C:/Users/Admin/OneDrive/Documents/sistemas digitales/L07_edge detector
# Command line       : vivado.exe -gui_launcher_event rodinguilauncherevent12160 C:\Users\Admin\OneDrive\Documents\sistemas digitales\L07_edge detector\L07_edge detector.xpr
# Log file           : C:/Users/Admin/OneDrive/Documents/sistemas digitales/L07_edge detector/vivado.log
# Journal file       : C:/Users/Admin/OneDrive/Documents/sistemas digitales/L07_edge detector\vivado.jou
# Running On         : DESKTOP-P1L7F6G
# Platform           : Windows Server 2016 or Windows 10
# Operating System   : 19045
# Processor Detail   : Intel(R) Core(TM) i5-6300U CPU @ 2.40GHz
# CPU Frequency      : 2496 MHz
# CPU Physical cores : 2
# CPU Logical cores  : 4
# Host memory        : 7960 MB
# Swap memory        : 10200 MB
# Total Virtual      : 18161 MB
# Available Virtual  : 2159 MB
#-----------------------------------------------------------
start_gui
open_project {C:/Users/Admin/OneDrive/Documents/sistemas digitales/L07_edge detector/L07_edge detector.xpr}
update_compile_order -fileset sources_1
