#-----------------------------------------------------------
# Vivado v2025.1 (64-bit)
# SW Build 6140274 on Thu May 22 00:12:29 MDT 2025
# IP Build 6138677 on Thu May 22 03:10:11 MDT 2025
# SharedData Build 6139179 on Tue May 20 17:58:58 MDT 2025
# Start of session at: Wed Sep 17 11:43:58 2025
# Process ID         : 9996
# Current directory  : C:/Users/Admin/OneDrive/Documents/sistemas digitales/puntoflot/puntoflot.runs/synth_1
# Command line       : vivado.exe -log sumador_fin.vds -product Vivado -mode batch -messageDb vivado.pb -notrace -source sumador_fin.tcl
# Log file           : C:/Users/Admin/OneDrive/Documents/sistemas digitales/puntoflot/puntoflot.runs/synth_1/sumador_fin.vds
# Journal file       : C:/Users/Admin/OneDrive/Documents/sistemas digitales/puntoflot/puntoflot.runs/synth_1\vivado.jou
# Running On         : DESKTOP-P1L7F6G
# Platform           : Windows Server 2016 or Windows 10
# Operating System   : 19045
# Processor Detail   : Intel(R) Core(TM) i5-6300U CPU @ 2.40GHz
# CPU Frequency      : 2496 MHz
# CPU Physical cores : 2
# CPU Logical cores  : 4
# Host memory        : 7960 MB
# Swap memory        : 7156 MB
# Total Virtual      : 15116 MB
# Available Virtual  : 5305 MB
#-----------------------------------------------------------
source sumador_fin.tcl -notrace
